// Jest Snapshot v1, https://goo.gl/fbAQLP

exports[`Form component renders Form 1`] = `
<Fragment>
  <input
    name="username"
    onChange={[Function]}
    type="input"
    value="feralcat66"
  />
  <button
    onClick={[Function]}
  >
    Search
  </button>
</Fragment>
`;
