// Jest Snapshot v1, https://goo.gl/fbAQLP

exports[`App component renders App 1`] = `
<h1>
  We cant stop here... This is bat country
</h1>
`;
